Archive member included because of file (symbol)

/usr/lib/gcc/avr/4.7.2/avr5/libgcc.a(_udivmodsi4.o)
                              obj/Debug/TX/util/xprintf.o (__udivmodsi4)
/usr/lib/gcc/avr/4.7.2/avr5/libgcc.a(_exit.o)
                              /usr/lib/gcc/avr/4.7.2/../../../avr/lib/avr5/crtm328.o (exit)
/usr/lib/gcc/avr/4.7.2/avr5/libgcc.a(_copy_data.o)
                              obj/Debug/nrf24.o (__do_copy_data)
/usr/lib/gcc/avr/4.7.2/avr5/libgcc.a(_clear_bss.o)
                              obj/Debug/nrf24.o (__do_clear_bss)
/usr/lib/gcc/avr/4.7.2/../../../avr/lib/avr5/libc.a(strcpy.o)
                              obj/Debug/TX/main.o (strcpy)

Allocating common symbols
Common symbol       size              file

flag_rx             0x1               obj/Debug/TX/main.o
xfunc_out           0x2               obj/Debug/TX/util/xprintf.o
temp                0x1               obj/Debug/TX/main.o
rx                  0x1               obj/Debug/TX/main.o
payload_len         0x1               obj/Debug/nrf24.o
buffer              0xc8              obj/Debug/TX/main.o
buffer1             0xc8              obj/Debug/TX/main.o

Memory Configuration

Name             Origin             Length             Attributes
text             0x0000000000000000 0x0000000000020000 xr
data             0x0000000000800060 0x000000000000ffa0 rw !x
eeprom           0x0000000000810000 0x0000000000010000 rw !x
fuse             0x0000000000820000 0x0000000000000400 rw !x
lock             0x0000000000830000 0x0000000000000400 rw !x
signature        0x0000000000840000 0x0000000000000400 rw !x
*default*        0x0000000000000000 0xffffffffffffffff

Linker script and memory map

Address of section .data set to 0x800100
LOAD /usr/lib/gcc/avr/4.7.2/../../../avr/lib/avr5/crtm328.o
LOAD obj/Debug/nrf24.o
LOAD obj/Debug/TX/main.o
LOAD obj/Debug/TX/radioPinFunctions.o
LOAD obj/Debug/TX/util/xprintf.o
LOAD /usr/lib/gcc/avr/4.7.2/avr5/libgcc.a
LOAD /usr/lib/gcc/avr/4.7.2/../../../avr/lib/avr5/libm.a
LOAD /usr/lib/gcc/avr/4.7.2/avr5/libgcc.a
LOAD /usr/lib/gcc/avr/4.7.2/../../../avr/lib/avr5/libc.a
LOAD /usr/lib/gcc/avr/4.7.2/avr5/libgcc.a

.hash
 *(.hash)

.dynsym
 *(.dynsym)

.dynstr
 *(.dynstr)

.gnu.version
 *(.gnu.version)

.gnu.version_d
 *(.gnu.version_d)

.gnu.version_r
 *(.gnu.version_r)

.rel.init
 *(.rel.init)

.rela.init
 *(.rela.init)

.rel.text
 *(.rel.text)
 *(.rel.text.*)
 *(.rel.gnu.linkonce.t*)

.rela.text
 *(.rela.text)
 *(.rela.text.*)
 *(.rela.gnu.linkonce.t*)

.rel.fini
 *(.rel.fini)

.rela.fini
 *(.rela.fini)

.rel.rodata
 *(.rel.rodata)
 *(.rel.rodata.*)
 *(.rel.gnu.linkonce.r*)

.rela.rodata
 *(.rela.rodata)
 *(.rela.rodata.*)
 *(.rela.gnu.linkonce.r*)

.rel.data
 *(.rel.data)
 *(.rel.data.*)
 *(.rel.gnu.linkonce.d*)

.rela.data
 *(.rela.data)
 *(.rela.data.*)
 *(.rela.gnu.linkonce.d*)

.rel.ctors
 *(.rel.ctors)

.rela.ctors
 *(.rela.ctors)

.rel.dtors
 *(.rel.dtors)

.rela.dtors
 *(.rela.dtors)

.rel.got
 *(.rel.got)

.rela.got
 *(.rela.got)

.rel.bss
 *(.rel.bss)

.rela.bss
 *(.rela.bss)

.rel.plt
 *(.rel.plt)

.rela.plt
 *(.rela.plt)

.text           0x0000000000000000      0xd3a
 *(.vectors)
 .vectors       0x0000000000000000       0x68 /usr/lib/gcc/avr/4.7.2/../../../avr/lib/avr5/crtm328.o
                0x0000000000000000                __vectors
                0x0000000000000000                __vector_default
 *(.vectors)
 *(.progmem.gcc*)
 *(.progmem*)
                0x0000000000000068                . = ALIGN (0x2)
                0x0000000000000068                __trampolines_start = .
 *(.trampolines)
 .trampolines   0x0000000000000068        0x0 linker stubs
 *(.trampolines*)
                0x0000000000000068                __trampolines_end = .
 *(.jumptables)
 *(.jumptables*)
 *(.lowtext)
 *(.lowtext*)
                0x0000000000000068                __ctors_start = .
 *(.ctors)
                0x0000000000000068                __ctors_end = .
                0x0000000000000068                __dtors_start = .
 *(.dtors)
                0x0000000000000068                __dtors_end = .
 SORT(*)(.ctors)
 SORT(*)(.dtors)
 *(.init0)
 .init0         0x0000000000000068        0x0 /usr/lib/gcc/avr/4.7.2/../../../avr/lib/avr5/crtm328.o
                0x0000000000000068                __init
 *(.init0)
 *(.init1)
 *(.init1)
 *(.init2)
 .init2         0x0000000000000068        0xc /usr/lib/gcc/avr/4.7.2/../../../avr/lib/avr5/crtm328.o
 *(.init2)
 *(.init3)
 *(.init3)
 *(.init4)
 .init4         0x0000000000000074       0x16 /usr/lib/gcc/avr/4.7.2/avr5/libgcc.a(_copy_data.o)
                0x0000000000000074                __do_copy_data
 .init4         0x000000000000008a       0x10 /usr/lib/gcc/avr/4.7.2/avr5/libgcc.a(_clear_bss.o)
                0x000000000000008a                __do_clear_bss
 *(.init4)
 *(.init5)
 *(.init5)
 *(.init6)
 *(.init6)
 *(.init7)
 *(.init7)
 *(.init8)
 *(.init8)
 *(.init9)
 .init9         0x000000000000009a        0x8 /usr/lib/gcc/avr/4.7.2/../../../avr/lib/avr5/crtm328.o
 *(.init9)
 *(.text)
 .text          0x00000000000000a2        0x4 /usr/lib/gcc/avr/4.7.2/../../../avr/lib/avr5/crtm328.o
                0x00000000000000a2                __vector_22
                0x00000000000000a2                __vector_1
                0x00000000000000a2                __vector_24
                0x00000000000000a2                __vector_12
                0x00000000000000a2                __bad_interrupt
                0x00000000000000a2                __vector_6
                0x00000000000000a2                __vector_3
                0x00000000000000a2                __vector_23
                0x00000000000000a2                __vector_25
                0x00000000000000a2                __vector_11
                0x00000000000000a2                __vector_13
                0x00000000000000a2                __vector_17
                0x00000000000000a2                __vector_19
                0x00000000000000a2                __vector_7
                0x00000000000000a2                __vector_5
                0x00000000000000a2                __vector_4
                0x00000000000000a2                __vector_9
                0x00000000000000a2                __vector_2
                0x00000000000000a2                __vector_21
                0x00000000000000a2                __vector_15
                0x00000000000000a2                __vector_8
                0x00000000000000a2                __vector_14
                0x00000000000000a2                __vector_10
                0x00000000000000a2                __vector_16
                0x00000000000000a2                __vector_20
 .text          0x00000000000000a6      0x566 obj/Debug/nrf24.o
                0x00000000000000a6                nrf24_init
                0x00000000000000b6                nrf24_payload_length
                0x00000000000000bc                spi_transfer
                0x000000000000011e                nrf24_getStatus
                0x000000000000013a                nrf24_lastMessageStatus
                0x0000000000000152                nrf24_isSending
                0x0000000000000162                nrf24_payloadLength
                0x0000000000000184                nrf24_transferSync1
                0x00000000000001d0                nrf24_transferSync
                0x000000000000021c                nrf24_transmitSync1
                0x0000000000000258                nrf24_transmitSync
                0x0000000000000294                nrf24_configRegister
                0x00000000000002ca                nrf24_powerDown
                0x00000000000002d8                nrf24_powerUpTx
                0x00000000000002e8                nrf24_send
                0x0000000000000330                nrf24_powerUpRx
                0x000000000000035e                nrf24_getData
                0x000000000000038e                nrf24_config
                0x0000000000000400                nrf24_readRegister
                0x0000000000000440                nrf24_retransmissionCount
                0x0000000000000464                nrf24_rxFifoEmpty
                0x0000000000000488                nrf24_dataReady
                0x00000000000004a4                nrf24_writeRegister
                0x00000000000004e6                nrf24_tx_address
                0x0000000000000504                nrf24_rx_address
                0x0000000000000524                inic_nrf
                0x000000000000058a                enviar_nrf
 .text          0x000000000000060c       0xd4 obj/Debug/TX/main.o
                0x000000000000060c                uart_init
                0x0000000000000632                enviar
                0x000000000000066a                __vector_18
                0x0000000000000690                processar_RX
 .text          0x00000000000006e0       0x42 obj/Debug/TX/radioPinFunctions.o
                0x00000000000006e0                nrf24_setupPins
                0x00000000000006ec                nrf24_ce_digitalWrite
                0x00000000000006f8                nrf24_csn_digitalWrite
                0x0000000000000704                nrf24_sck_digitalWrite
                0x0000000000000710                nrf24_mosi_digitalWrite
                0x000000000000071c                nrf24_miso_digitalRead
 .text          0x0000000000000722      0x580 obj/Debug/TX/util/xprintf.o
                0x0000000000000722                xputc
                0x000000000000074a                xputs
                0x0000000000000a8e                xfputs
                0x0000000000000ac6                xprintf
                0x0000000000000ae2                xsprintf
                0x0000000000000b1c                xfprintf
                0x0000000000000b5c                put_dump
 .text          0x0000000000000ca2        0x0 /usr/lib/gcc/avr/4.7.2/avr5/libgcc.a(_udivmodsi4.o)
 .text          0x0000000000000ca2        0x0 /usr/lib/gcc/avr/4.7.2/avr5/libgcc.a(_exit.o)
 .text          0x0000000000000ca2        0x0 /usr/lib/gcc/avr/4.7.2/avr5/libgcc.a(_copy_data.o)
 .text          0x0000000000000ca2        0x0 /usr/lib/gcc/avr/4.7.2/avr5/libgcc.a(_clear_bss.o)
 .text          0x0000000000000ca2        0x0 /usr/lib/gcc/avr/4.7.2/../../../avr/lib/avr5/libc.a(strcpy.o)
                0x0000000000000ca2                . = ALIGN (0x2)
 *(.text.*)
 .text.startup  0x0000000000000ca2       0x42 obj/Debug/TX/main.o
                0x0000000000000ca2                main
 .text.libgcc.mul
                0x0000000000000ce4        0x0 /usr/lib/gcc/avr/4.7.2/avr5/libgcc.a(_udivmodsi4.o)
 .text.libgcc.div
                0x0000000000000ce4       0x44 /usr/lib/gcc/avr/4.7.2/avr5/libgcc.a(_udivmodsi4.o)
                0x0000000000000ce4                __udivmodsi4
 .text.libgcc   0x0000000000000d28        0x0 /usr/lib/gcc/avr/4.7.2/avr5/libgcc.a(_udivmodsi4.o)
 .text.libgcc.prologue
                0x0000000000000d28        0x0 /usr/lib/gcc/avr/4.7.2/avr5/libgcc.a(_udivmodsi4.o)
 .text.libgcc.builtins
                0x0000000000000d28        0x0 /usr/lib/gcc/avr/4.7.2/avr5/libgcc.a(_udivmodsi4.o)
 .text.libgcc.fmul
                0x0000000000000d28        0x0 /usr/lib/gcc/avr/4.7.2/avr5/libgcc.a(_udivmodsi4.o)
 .text.libgcc.mul
                0x0000000000000d28        0x0 /usr/lib/gcc/avr/4.7.2/avr5/libgcc.a(_exit.o)
 .text.libgcc.div
                0x0000000000000d28        0x0 /usr/lib/gcc/avr/4.7.2/avr5/libgcc.a(_exit.o)
 .text.libgcc   0x0000000000000d28        0x0 /usr/lib/gcc/avr/4.7.2/avr5/libgcc.a(_exit.o)
 .text.libgcc.prologue
                0x0000000000000d28        0x0 /usr/lib/gcc/avr/4.7.2/avr5/libgcc.a(_exit.o)
 .text.libgcc.builtins
                0x0000000000000d28        0x0 /usr/lib/gcc/avr/4.7.2/avr5/libgcc.a(_exit.o)
 .text.libgcc.fmul
                0x0000000000000d28        0x0 /usr/lib/gcc/avr/4.7.2/avr5/libgcc.a(_exit.o)
 .text.libgcc.mul
                0x0000000000000d28        0x0 /usr/lib/gcc/avr/4.7.2/avr5/libgcc.a(_copy_data.o)
 .text.libgcc.div
                0x0000000000000d28        0x0 /usr/lib/gcc/avr/4.7.2/avr5/libgcc.a(_copy_data.o)
 .text.libgcc   0x0000000000000d28        0x0 /usr/lib/gcc/avr/4.7.2/avr5/libgcc.a(_copy_data.o)
 .text.libgcc.prologue
                0x0000000000000d28        0x0 /usr/lib/gcc/avr/4.7.2/avr5/libgcc.a(_copy_data.o)
 .text.libgcc.builtins
                0x0000000000000d28        0x0 /usr/lib/gcc/avr/4.7.2/avr5/libgcc.a(_copy_data.o)
 .text.libgcc.fmul
                0x0000000000000d28        0x0 /usr/lib/gcc/avr/4.7.2/avr5/libgcc.a(_copy_data.o)
 .text.libgcc.mul
                0x0000000000000d28        0x0 /usr/lib/gcc/avr/4.7.2/avr5/libgcc.a(_clear_bss.o)
 .text.libgcc.div
                0x0000000000000d28        0x0 /usr/lib/gcc/avr/4.7.2/avr5/libgcc.a(_clear_bss.o)
 .text.libgcc   0x0000000000000d28        0x0 /usr/lib/gcc/avr/4.7.2/avr5/libgcc.a(_clear_bss.o)
 .text.libgcc.prologue
                0x0000000000000d28        0x0 /usr/lib/gcc/avr/4.7.2/avr5/libgcc.a(_clear_bss.o)
 .text.libgcc.builtins
                0x0000000000000d28        0x0 /usr/lib/gcc/avr/4.7.2/avr5/libgcc.a(_clear_bss.o)
 .text.libgcc.fmul
                0x0000000000000d28        0x0 /usr/lib/gcc/avr/4.7.2/avr5/libgcc.a(_clear_bss.o)
 .text.avr-libc
                0x0000000000000d28        0xe /usr/lib/gcc/avr/4.7.2/../../../avr/lib/avr5/libc.a(strcpy.o)
                0x0000000000000d28                strcpy
                0x0000000000000d36                . = ALIGN (0x2)
 *(.fini9)
 .fini9         0x0000000000000d36        0x0 /usr/lib/gcc/avr/4.7.2/avr5/libgcc.a(_exit.o)
                0x0000000000000d36                exit
                0x0000000000000d36                _exit
 *(.fini9)
 *(.fini8)
 *(.fini8)
 *(.fini7)
 *(.fini7)
 *(.fini6)
 *(.fini6)
 *(.fini5)
 *(.fini5)
 *(.fini4)
 *(.fini4)
 *(.fini3)
 *(.fini3)
 *(.fini2)
 *(.fini2)
 *(.fini1)
 *(.fini1)
 *(.fini0)
 .fini0         0x0000000000000d36        0x4 /usr/lib/gcc/avr/4.7.2/avr5/libgcc.a(_exit.o)
 *(.fini0)
                0x0000000000000d3a                _etext = .

.data           0x0000000000800100       0x34 load address 0x0000000000000d3a
                0x0000000000800100                PROVIDE (__data_start, .)
 *(.data)
 .data          0x0000000000800100        0x0 /usr/lib/gcc/avr/4.7.2/../../../avr/lib/avr5/crtm328.o
 .data          0x0000000000800100        0x0 obj/Debug/nrf24.o
 .data          0x0000000000800100        0xa obj/Debug/TX/main.o
                0x0000000000800100                rx_address
                0x0000000000800105                tx_address
 .data          0x000000000080010a        0x0 obj/Debug/TX/radioPinFunctions.o
 .data          0x000000000080010a        0x0 obj/Debug/TX/util/xprintf.o
 .data          0x000000000080010a        0x0 /usr/lib/gcc/avr/4.7.2/avr5/libgcc.a(_udivmodsi4.o)
 .data          0x000000000080010a        0x0 /usr/lib/gcc/avr/4.7.2/avr5/libgcc.a(_exit.o)
 .data          0x000000000080010a        0x0 /usr/lib/gcc/avr/4.7.2/avr5/libgcc.a(_copy_data.o)
 .data          0x000000000080010a        0x0 /usr/lib/gcc/avr/4.7.2/avr5/libgcc.a(_clear_bss.o)
 .data          0x000000000080010a        0x0 /usr/lib/gcc/avr/4.7.2/../../../avr/lib/avr5/libc.a(strcpy.o)
 *(.data*)
 *(.rodata)
 .rodata        0x000000000080010a        0xa obj/Debug/nrf24.o
 *(.rodata*)
 .rodata.str1.1
                0x0000000000800114        0x6 obj/Debug/TX/main.o
 .rodata.str1.1
                0x000000000080011a       0x1a obj/Debug/TX/util/xprintf.o
 *(.gnu.linkonce.d*)
                0x0000000000800134                . = ALIGN (0x2)
                0x0000000000800134                _edata = .
                0x0000000000800134                PROVIDE (__data_end, .)

.bss            0x0000000000800134      0x199
                0x0000000000800134                PROVIDE (__bss_start, .)
 *(.bss)
 .bss           0x0000000000800134        0x0 /usr/lib/gcc/avr/4.7.2/../../../avr/lib/avr5/crtm328.o
 .bss           0x0000000000800134        0x0 obj/Debug/nrf24.o
 .bss           0x0000000000800134        0x1 obj/Debug/TX/main.o
                0x0000000000800134                q
 .bss           0x0000000000800135        0x0 obj/Debug/TX/radioPinFunctions.o
 .bss           0x0000000000800135        0x2 obj/Debug/TX/util/xprintf.o
 .bss           0x0000000000800137        0x0 /usr/lib/gcc/avr/4.7.2/avr5/libgcc.a(_udivmodsi4.o)
 .bss           0x0000000000800137        0x0 /usr/lib/gcc/avr/4.7.2/avr5/libgcc.a(_exit.o)
 .bss           0x0000000000800137        0x0 /usr/lib/gcc/avr/4.7.2/avr5/libgcc.a(_copy_data.o)
 .bss           0x0000000000800137        0x0 /usr/lib/gcc/avr/4.7.2/avr5/libgcc.a(_clear_bss.o)
 .bss           0x0000000000800137        0x0 /usr/lib/gcc/avr/4.7.2/../../../avr/lib/avr5/libc.a(strcpy.o)
 *(.bss*)
 *(COMMON)
 COMMON         0x0000000000800137        0x1 obj/Debug/nrf24.o
                0x0000000000800137                payload_len
 COMMON         0x0000000000800138      0x193 obj/Debug/TX/main.o
                0x0000000000800138                flag_rx
                0x0000000000800139                temp
                0x000000000080013a                rx
                0x000000000080013b                buffer
                0x0000000000800203                buffer1
 COMMON         0x00000000008002cb        0x2 obj/Debug/TX/util/xprintf.o
                0x00000000008002cb                xfunc_out
                0x00000000008002cd                PROVIDE (__bss_end, .)
                0x0000000000000d3a                __data_load_start = LOADADDR (.data)
                0x0000000000000d6e                __data_load_end = (__data_load_start + SIZEOF (.data))

.noinit         0x00000000008002cd        0x0
                0x00000000008002cd                PROVIDE (__noinit_start, .)
 *(.noinit*)
                0x00000000008002cd                PROVIDE (__noinit_end, .)
                0x00000000008002cd                _end = .
                0x00000000008002cd                PROVIDE (__heap_start, .)

.eeprom         0x0000000000810000        0x0
 *(.eeprom*)
                0x0000000000810000                __eeprom_end = .

.fuse
 *(.fuse)
 *(.lfuse)
 *(.hfuse)
 *(.efuse)

.lock
 *(.lock*)

.signature
 *(.signature*)

.stab           0x0000000000000000     0x35b8
 *(.stab)
 .stab          0x0000000000000000      0x6cc /usr/lib/gcc/avr/4.7.2/../../../avr/lib/avr5/crtm328.o
 .stab          0x00000000000006cc     0x12cc obj/Debug/nrf24.o
                                       0x12d8 (size before relaxing)
 .stab          0x0000000000001998      0xda4 obj/Debug/TX/main.o
                                        0xf30 (size before relaxing)
 .stab          0x000000000000273c      0x39c obj/Debug/TX/radioPinFunctions.o
                                        0x558 (size before relaxing)
 .stab          0x0000000000002ad8      0xa74 obj/Debug/TX/util/xprintf.o
                                        0xa80 (size before relaxing)
 .stab          0x000000000000354c       0x6c /usr/lib/gcc/avr/4.7.2/../../../avr/lib/avr5/libc.a(strcpy.o)
                                         0x78 (size before relaxing)

.stabstr        0x0000000000000000     0x304b
 *(.stabstr)
 .stabstr       0x0000000000000000     0x304b /usr/lib/gcc/avr/4.7.2/../../../avr/lib/avr5/crtm328.o

.stab.excl
 *(.stab.excl)

.stab.exclstr
 *(.stab.exclstr)

.stab.index
 *(.stab.index)

.stab.indexstr
 *(.stab.indexstr)

.comment        0x0000000000000000       0x11
 *(.comment)
 .comment       0x0000000000000000       0x11 obj/Debug/nrf24.o
                                         0x12 (size before relaxing)
 .comment       0x0000000000000000       0x12 obj/Debug/TX/main.o
 .comment       0x0000000000000000       0x12 obj/Debug/TX/radioPinFunctions.o
 .comment       0x0000000000000000       0x12 obj/Debug/TX/util/xprintf.o

.debug
 *(.debug)

.line
 *(.line)

.debug_srcinfo
 *(.debug_srcinfo)

.debug_sfnames
 *(.debug_sfnames)

.debug_aranges
 *(.debug_aranges)

.debug_pubnames
 *(.debug_pubnames)

.debug_info
 *(.debug_info)
 *(.gnu.linkonce.wi.*)

.debug_abbrev
 *(.debug_abbrev)

.debug_line
 *(.debug_line)

.debug_frame
 *(.debug_frame)

.debug_str
 *(.debug_str)

.debug_loc
 *(.debug_loc)

.debug_macinfo
 *(.debug_macinfo)
OUTPUT(bin/Debug/TX.elf elf32-avr)
LOAD linker stubs

Cross Reference Table

Symbol                                            File
__bad_interrupt                                   /usr/lib/gcc/avr/4.7.2/../../../avr/lib/avr5/crtm328.o
__bss_end                                         /usr/lib/gcc/avr/4.7.2/avr5/libgcc.a(_clear_bss.o)
__bss_start                                       /usr/lib/gcc/avr/4.7.2/avr5/libgcc.a(_clear_bss.o)
__data_end                                        /usr/lib/gcc/avr/4.7.2/avr5/libgcc.a(_copy_data.o)
__data_load_start                                 /usr/lib/gcc/avr/4.7.2/avr5/libgcc.a(_copy_data.o)
__data_start                                      /usr/lib/gcc/avr/4.7.2/avr5/libgcc.a(_copy_data.o)
__do_clear_bss                                    /usr/lib/gcc/avr/4.7.2/avr5/libgcc.a(_clear_bss.o)
                                                  obj/Debug/TX/util/xprintf.o
                                                  obj/Debug/TX/main.o
                                                  obj/Debug/nrf24.o
__do_copy_data                                    /usr/lib/gcc/avr/4.7.2/avr5/libgcc.a(_copy_data.o)
                                                  obj/Debug/TX/util/xprintf.o
                                                  obj/Debug/TX/main.o
                                                  obj/Debug/nrf24.o
__heap_end                                        /usr/lib/gcc/avr/4.7.2/../../../avr/lib/avr5/crtm328.o
__init                                            /usr/lib/gcc/avr/4.7.2/../../../avr/lib/avr5/crtm328.o
__stack                                           /usr/lib/gcc/avr/4.7.2/../../../avr/lib/avr5/crtm328.o
__udivmodsi4                                      /usr/lib/gcc/avr/4.7.2/avr5/libgcc.a(_udivmodsi4.o)
                                                  obj/Debug/TX/util/xprintf.o
__vector_1                                        /usr/lib/gcc/avr/4.7.2/../../../avr/lib/avr5/crtm328.o
__vector_10                                       /usr/lib/gcc/avr/4.7.2/../../../avr/lib/avr5/crtm328.o
__vector_11                                       /usr/lib/gcc/avr/4.7.2/../../../avr/lib/avr5/crtm328.o
__vector_12                                       /usr/lib/gcc/avr/4.7.2/../../../avr/lib/avr5/crtm328.o
__vector_13                                       /usr/lib/gcc/avr/4.7.2/../../../avr/lib/avr5/crtm328.o
__vector_14                                       /usr/lib/gcc/avr/4.7.2/../../../avr/lib/avr5/crtm328.o
__vector_15                                       /usr/lib/gcc/avr/4.7.2/../../../avr/lib/avr5/crtm328.o
__vector_16                                       /usr/lib/gcc/avr/4.7.2/../../../avr/lib/avr5/crtm328.o
__vector_17                                       /usr/lib/gcc/avr/4.7.2/../../../avr/lib/avr5/crtm328.o
__vector_18                                       obj/Debug/TX/main.o
                                                  /usr/lib/gcc/avr/4.7.2/../../../avr/lib/avr5/crtm328.o
__vector_19                                       /usr/lib/gcc/avr/4.7.2/../../../avr/lib/avr5/crtm328.o
__vector_2                                        /usr/lib/gcc/avr/4.7.2/../../../avr/lib/avr5/crtm328.o
__vector_20                                       /usr/lib/gcc/avr/4.7.2/../../../avr/lib/avr5/crtm328.o
__vector_21                                       /usr/lib/gcc/avr/4.7.2/../../../avr/lib/avr5/crtm328.o
__vector_22                                       /usr/lib/gcc/avr/4.7.2/../../../avr/lib/avr5/crtm328.o
__vector_23                                       /usr/lib/gcc/avr/4.7.2/../../../avr/lib/avr5/crtm328.o
__vector_24                                       /usr/lib/gcc/avr/4.7.2/../../../avr/lib/avr5/crtm328.o
__vector_25                                       /usr/lib/gcc/avr/4.7.2/../../../avr/lib/avr5/crtm328.o
__vector_3                                        /usr/lib/gcc/avr/4.7.2/../../../avr/lib/avr5/crtm328.o
__vector_4                                        /usr/lib/gcc/avr/4.7.2/../../../avr/lib/avr5/crtm328.o
__vector_5                                        /usr/lib/gcc/avr/4.7.2/../../../avr/lib/avr5/crtm328.o
__vector_6                                        /usr/lib/gcc/avr/4.7.2/../../../avr/lib/avr5/crtm328.o
__vector_7                                        /usr/lib/gcc/avr/4.7.2/../../../avr/lib/avr5/crtm328.o
__vector_8                                        /usr/lib/gcc/avr/4.7.2/../../../avr/lib/avr5/crtm328.o
__vector_9                                        /usr/lib/gcc/avr/4.7.2/../../../avr/lib/avr5/crtm328.o
__vector_default                                  /usr/lib/gcc/avr/4.7.2/../../../avr/lib/avr5/crtm328.o
__vectors                                         /usr/lib/gcc/avr/4.7.2/../../../avr/lib/avr5/crtm328.o
_exit                                             /usr/lib/gcc/avr/4.7.2/avr5/libgcc.a(_exit.o)
buffer                                            obj/Debug/TX/main.o
buffer1                                           obj/Debug/TX/main.o
enviar                                            obj/Debug/TX/main.o
enviar_nrf                                        obj/Debug/nrf24.o
                                                  obj/Debug/TX/main.o
exit                                              /usr/lib/gcc/avr/4.7.2/avr5/libgcc.a(_exit.o)
                                                  /usr/lib/gcc/avr/4.7.2/../../../avr/lib/avr5/crtm328.o
flag_rx                                           obj/Debug/TX/main.o
inic_nrf                                          obj/Debug/nrf24.o
                                                  obj/Debug/TX/main.o
main                                              obj/Debug/TX/main.o
                                                  /usr/lib/gcc/avr/4.7.2/../../../avr/lib/avr5/crtm328.o
nrf24_ce_digitalWrite                             obj/Debug/TX/radioPinFunctions.o
                                                  obj/Debug/nrf24.o
nrf24_config                                      obj/Debug/nrf24.o
                                                  obj/Debug/TX/main.o
nrf24_configRegister                              obj/Debug/nrf24.o
nrf24_csn_digitalWrite                            obj/Debug/TX/radioPinFunctions.o
                                                  obj/Debug/nrf24.o
nrf24_dataReady                                   obj/Debug/nrf24.o
nrf24_getData                                     obj/Debug/nrf24.o
nrf24_getStatus                                   obj/Debug/nrf24.o
nrf24_init                                        obj/Debug/nrf24.o
nrf24_isSending                                   obj/Debug/nrf24.o
nrf24_lastMessageStatus                           obj/Debug/nrf24.o
nrf24_miso_digitalRead                            obj/Debug/TX/radioPinFunctions.o
                                                  obj/Debug/nrf24.o
nrf24_mosi_digitalWrite                           obj/Debug/TX/radioPinFunctions.o
                                                  obj/Debug/nrf24.o
nrf24_payloadLength                               obj/Debug/nrf24.o
nrf24_payload_length                              obj/Debug/nrf24.o
nrf24_powerDown                                   obj/Debug/nrf24.o
nrf24_powerUpRx                                   obj/Debug/nrf24.o
nrf24_powerUpTx                                   obj/Debug/nrf24.o
nrf24_readRegister                                obj/Debug/nrf24.o
nrf24_retransmissionCount                         obj/Debug/nrf24.o
nrf24_rxFifoEmpty                                 obj/Debug/nrf24.o
nrf24_rx_address                                  obj/Debug/nrf24.o
                                                  obj/Debug/TX/main.o
nrf24_sck_digitalWrite                            obj/Debug/TX/radioPinFunctions.o
                                                  obj/Debug/nrf24.o
nrf24_send                                        obj/Debug/nrf24.o
nrf24_setupPins                                   obj/Debug/TX/radioPinFunctions.o
                                                  obj/Debug/nrf24.o
nrf24_transferSync                                obj/Debug/nrf24.o
nrf24_transferSync1                               obj/Debug/nrf24.o
nrf24_transmitSync                                obj/Debug/nrf24.o
nrf24_transmitSync1                               obj/Debug/nrf24.o
nrf24_tx_address                                  obj/Debug/nrf24.o
                                                  obj/Debug/TX/main.o
nrf24_writeRegister                               obj/Debug/nrf24.o
payload_len                                       obj/Debug/nrf24.o
processar_RX                                      obj/Debug/TX/main.o
put_dump                                          obj/Debug/TX/util/xprintf.o
q                                                 obj/Debug/TX/main.o
rx                                                obj/Debug/TX/main.o
rx_address                                        obj/Debug/TX/main.o
spi_transfer                                      obj/Debug/nrf24.o
strcpy                                            /usr/lib/gcc/avr/4.7.2/../../../avr/lib/avr5/libc.a(strcpy.o)
                                                  obj/Debug/TX/main.o
temp                                              obj/Debug/TX/main.o
tx_address                                        obj/Debug/TX/main.o
uart_init                                         obj/Debug/TX/main.o
xfprintf                                          obj/Debug/TX/util/xprintf.o
xfputs                                            obj/Debug/TX/util/xprintf.o
xfunc_out                                         obj/Debug/TX/util/xprintf.o
xprintf                                           obj/Debug/TX/util/xprintf.o
xputc                                             obj/Debug/TX/util/xprintf.o
xputs                                             obj/Debug/TX/util/xprintf.o
xsprintf                                          obj/Debug/TX/util/xprintf.o
